stm32f1xx_ll_adc.h:1815:22:LL_ADC_REG_SetTriggerSource	16	static
stm32f1xx_ll_adc.h:1940:22:LL_ADC_REG_SetSequencerLength	16	static
stm32f1xx_ll_adc.h:2376:22:LL_ADC_INJ_SetTriggerSource	16	static
stm32f1xx_ll_adc.h:2466:22:LL_ADC_INJ_SetSequencerLength	16	static
stm32f1xx_ll_adc.h:3256:22:LL_ADC_Disable	16	static
stm32f1xx_ll_adc.h:3267:26:LL_ADC_IsEnabled	16	static
stm32f1xx_ll_bus.h:930:22:LL_APB2_GRP1_ForceReset	16	static
stm32f1xx_ll_bus.h:985:22:LL_APB2_GRP1_ReleaseReset	16	static
stm32f1xx_ll_adc.c:280:13:LL_ADC_CommonDeInit	16	static
stm32f1xx_ll_adc.c:309:13:LL_ADC_CommonInit	32	static
stm32f1xx_ll_adc.c:367:6:LL_ADC_CommonStructInit	16	static
stm32f1xx_ll_adc.c:389:13:LL_ADC_DeInit	24	static
stm32f1xx_ll_adc.c:551:13:LL_ADC_Init	24	static
stm32f1xx_ll_adc.c:595:6:LL_ADC_StructInit	16	static
stm32f1xx_ll_adc.c:641:13:LL_ADC_REG_Init	24	static
stm32f1xx_ll_adc.c:729:6:LL_ADC_REG_StructInit	16	static
stm32f1xx_ll_adc.c:775:13:LL_ADC_INJ_Init	24	static
stm32f1xx_ll_adc.c:856:6:LL_ADC_INJ_StructInit	16	static
