core_cm3.h:1499:26:__NVIC_GetPriorityGrouping	4	static
core_cm3.h:1511:22:__NVIC_EnableIRQ	16	static
core_cm3.h:1639:22:__NVIC_SetPriority	16	static
core_cm3.h:1686:26:NVIC_EncodePriority	40	static
stm32f1xx_ll_adc.h:2131:22:LL_ADC_REG_SetSequencerRanks	32	static,ignoring_inline_asm
stm32f1xx_ll_adc.h:2299:22:LL_ADC_REG_SetDMATransfer	16	static
stm32f1xx_ll_adc.h:2837:22:LL_ADC_SetChannelSamplingTime	48	static,ignoring_inline_asm
stm32f1xx_ll_adc.h:3245:22:LL_ADC_Enable	16	static
stm32f1xx_ll_adc.h:3287:22:LL_ADC_StartCalibration	16	static
stm32f1xx_ll_adc.h:3298:26:LL_ADC_IsCalibrationOnGoing	16	static
stm32f1xx_ll_adc.h:3327:22:LL_ADC_REG_StartConversionSWStart	16	static
stm32f1xx_ll_i2c.h:461:22:LL_I2C_EnableClockStretching	16	static
stm32f1xx_ll_i2c.h:508:22:LL_I2C_DisableGeneralCall	16	static
stm32f1xx_ll_i2c.h:550:22:LL_I2C_SetOwnAddress2	16	static
stm32f1xx_ll_i2c.h:572:22:LL_I2C_DisableOwnAddress2	16	static
stm32f1xx_ll_rcc.h:840:22:LL_RCC_HSI_Enable	4	static
stm32f1xx_ll_rcc.h:860:26:LL_RCC_HSI_IsReady	4	static
stm32f1xx_ll_rcc.h:886:22:LL_RCC_HSI_SetCalibTrimming	16	static
stm32f1xx_ll_rcc.h:1014:22:LL_RCC_SetSysClkSource	16	static
stm32f1xx_ll_rcc.h:1027:26:LL_RCC_GetSysClkSource	4	static
stm32f1xx_ll_rcc.h:1047:22:LL_RCC_SetAHBPrescaler	16	static
stm32f1xx_ll_rcc.h:1063:22:LL_RCC_SetAPB1Prescaler	16	static
stm32f1xx_ll_rcc.h:1079:22:LL_RCC_SetAPB2Prescaler	16	static
stm32f1xx_ll_rcc.h:1223:22:LL_RCC_SetADCClockSource	16	static
stm32f1xx_ll_bus.h:447:22:LL_APB1_GRP1_EnableClock	24	static
stm32f1xx_ll_bus.h:763:22:LL_APB2_GRP1_EnableClock	24	static
stm32f1xx_ll_system.h:470:22:LL_FLASH_SetLatency	16	static
stm32f1xx_ll_system.h:483:26:LL_FLASH_GetLatency	4	static
stm32f1xx_ll_dma.h:454:22:LL_DMA_EnableChannel	16	static
stm32f1xx_ll_dma.h:553:22:LL_DMA_SetDataTransferDirection	24	static
stm32f1xx_ll_dma.h:602:22:LL_DMA_SetMode	24	static
stm32f1xx_ll_dma.h:647:22:LL_DMA_SetPeriphIncMode	24	static
stm32f1xx_ll_dma.h:692:22:LL_DMA_SetMemoryIncMode	24	static
stm32f1xx_ll_dma.h:738:22:LL_DMA_SetPeriphSize	24	static
stm32f1xx_ll_dma.h:785:22:LL_DMA_SetMemorySize	24	static
stm32f1xx_ll_dma.h:833:22:LL_DMA_SetChannelPriorityLevel	24	static
stm32f1xx_ll_dma.h:880:22:LL_DMA_SetDataLength	24	static
stm32f1xx_ll_dma.h:965:22:LL_DMA_SetMemoryAddress	24	static
stm32f1xx_ll_dma.h:987:22:LL_DMA_SetPeriphAddress	24	static
stm32f1xx_ll_tim.h:1189:22:LL_TIM_DisableARRPreload	16	static
stm32f1xx_ll_tim.h:1786:22:LL_TIM_OC_DisableFast	24	static
stm32f1xx_ll_tim.h:1830:22:LL_TIM_OC_EnablePreload	24	static
stm32f1xx_ll_tim.h:2145:22:LL_TIM_IC_SetActiveInput	32	static
stm32f1xx_ll_tim.h:2195:22:LL_TIM_IC_SetPrescaler	32	static
stm32f1xx_ll_tim.h:2258:22:LL_TIM_IC_SetFilter	32	static
stm32f1xx_ll_tim.h:2322:22:LL_TIM_IC_SetPolarity	24	static
stm32f1xx_ll_tim.h:2512:22:LL_TIM_SetClockSource	16	static
stm32f1xx_ll_tim.h:2529:22:LL_TIM_SetEncoderMode	16	static
stm32f1xx_ll_tim.h:2558:22:LL_TIM_SetTriggerOutput	16	static
stm32f1xx_ll_tim.h:2624:22:LL_TIM_DisableMasterSlaveMode	16	static
stm32f1xx_ll_usart.h:411:22:LL_USART_Enable	16	static
stm32f1xx_ll_usart.h:1526:22:LL_USART_ConfigAsyncMode	16	static
stm32f1xx_ll_gpio.h:342:22:LL_GPIO_SetPinMode	40	static,ignoring_inline_asm
stm32f1xx_ll_gpio.h:833:22:LL_GPIO_ResetOutputPin	16	static
stm32f1xx_ll_gpio.h:914:22:LL_GPIO_AF_EnableRemap_I2C1	4	static
stm32f1xx_ll_gpio.h:946:22:LL_GPIO_AF_EnableRemap_USART1	4	static
stm32f1xx_ll_gpio.h:2266:22:LL_GPIO_AF_SetEXTISource	24	static,ignoring_inline_asm
main.c:75:5:main	16	static
main.c:127:6:SystemClock_Config	8	static
main.c:166:13:MX_ADC1_Init	64	static
main.c:291:13:MX_I2C1_Init	56	static
main.c:345:13:MX_TIM1_Init	104	static
main.c:424:13:MX_TIM2_Init	48	static
main.c:483:13:MX_TIM3_Init	48	static
main.c:537:13:MX_TIM4_Init	32	static
main.c:576:13:MX_USART1_UART_Init	56	static
main.c:633:13:MX_DMA_Init	16	static
main.c:651:13:MX_GPIO_Init	40	static
main.c:744:6:Error_Handler	4	static
