stm32f1xx_ll_exti.h:775:26:LL_EXTI_IsActiveFlag_0_31	16	static
stm32f1xx_ll_exti.h:843:22:LL_EXTI_ClearFlag_0_31	16	static
stm32f1xx_ll_tim.h:2992:22:LL_TIM_ClearFlag_UPDATE	16	static
stm32f1xx_ll_tim.h:3003:26:LL_TIM_IsActiveFlag_UPDATE	16	static
stm32f1xx_ll_tim.h:3014:22:LL_TIM_ClearFlag_CC1	16	static
stm32f1xx_ll_tim.h:3025:26:LL_TIM_IsActiveFlag_CC1	16	static
stm32f1xx_ll_gpio.h:804:22:LL_GPIO_SetOutputPin	16	static
stm32f1xx_ll_gpio.h:833:22:LL_GPIO_ResetOutputPin	16	static
stm32f1xx_it.c:75:6:NMI_Handler	4	static
stm32f1xx_it.c:88:6:HardFault_Handler	4	static
stm32f1xx_it.c:103:6:MemManage_Handler	4	static
stm32f1xx_it.c:118:6:BusFault_Handler	4	static
stm32f1xx_it.c:133:6:UsageFault_Handler	4	static
stm32f1xx_it.c:148:6:SVC_Handler	4	static
stm32f1xx_it.c:161:6:DebugMon_Handler	4	static
stm32f1xx_it.c:174:6:PendSV_Handler	4	static
stm32f1xx_it.c:187:6:SysTick_Handler	4	static
stm32f1xx_it.c:208:6:DMA1_Channel1_IRQHandler	4	static
stm32f1xx_it.c:222:6:TIM2_IRQHandler	8	static
stm32f1xx_it.c:236:6:TIM3_IRQHandler	8	static
stm32f1xx_it.c:249:6:TIM4_IRQHandler	8	static
stm32f1xx_it.c:281:6:EXTI15_10_IRQHandler	8	static
stm32f1xx_it.c:317:10:millis	4	static
stm32f1xx_it.c:322:6:OC2_IT_Setmillis	16	static
