stm32f1xx_ll_exti.h:775:26:LL_EXTI_IsActiveFlag_0_31	16	static
stm32f1xx_ll_exti.h:843:22:LL_EXTI_ClearFlag_0_31	16	static
stm32f1xx_ll_tim.h:2923:22:LL_TIM_ClearFlag_UPDATE	16	static
stm32f1xx_ll_tim.h:2934:26:LL_TIM_IsActiveFlag_UPDATE	16	static
stm32f1xx_ll_tim.h:2945:22:LL_TIM_ClearFlag_CC1	16	static
stm32f1xx_ll_tim.h:2956:26:LL_TIM_IsActiveFlag_CC1	16	static
stm32f1xx_ll_tim.h:2967:22:LL_TIM_ClearFlag_CC2	16	static
stm32f1xx_ll_tim.h:2978:26:LL_TIM_IsActiveFlag_CC2	16	static
stm32f1xx_ll_gpio.h:804:22:LL_GPIO_SetOutputPin	16	static
stm32f1xx_ll_gpio.h:833:22:LL_GPIO_ResetOutputPin	16	static
stm32f1xx_ll_gpio.h:862:22:LL_GPIO_TogglePin	16	static
stm32f1xx_it.c:72:6:NMI_Handler	4	static
stm32f1xx_it.c:85:6:HardFault_Handler	4	static
stm32f1xx_it.c:100:6:MemManage_Handler	4	static
stm32f1xx_it.c:115:6:BusFault_Handler	4	static
stm32f1xx_it.c:130:6:UsageFault_Handler	4	static
stm32f1xx_it.c:145:6:SVC_Handler	4	static
stm32f1xx_it.c:158:6:DebugMon_Handler	4	static
stm32f1xx_it.c:171:6:PendSV_Handler	4	static
stm32f1xx_it.c:184:6:SysTick_Handler	4	static
stm32f1xx_it.c:205:6:DMA1_Channel1_IRQHandler	4	static
stm32f1xx_it.c:219:6:TIM2_IRQHandler	8	static
stm32f1xx_it.c:233:6:TIM3_IRQHandler	8	static
stm32f1xx_it.c:246:6:TIM4_IRQHandler	16	static
stm32f1xx_it.c:276:6:USART1_IRQHandler	4	static
stm32f1xx_it.c:289:6:EXTI15_10_IRQHandler	8	static
stm32f1xx_it.c:324:10:millis	4	static
stm32f1xx_it.c:329:6:OC2_IT_Setmillis	16	static
